Microchip MPLAB XC8 Compiler V1.45 ()

Linker command line:

-W-3 --edf=C:\Program Files (x86)\Microchip\xc8\v1.45\dat\en_msgs.txt -cs \
  -h+dist/default/production\PROJETO.X.production.sym \
  --cmf=dist/default/production\PROJETO.X.production.cmf -z -Q18F4550 \
  -oC:\Users\jpcas\AppData\Local\Temp\s5fo.2 \
  -Mdist/default/production/PROJETO.X.production.map -E1 -ver=XC8 \
  -ASTACK=0ACh-07ffh -pstack=STACK -ACODE=00h-07FFFh -ACONST=00h-07FFFh \
  -ASMALLCONST=0800h-08FFhx120 -AMEDIUMCONST=0800h-07FFFh -ACOMRAM=01h-05Fh \
  -AABS1=00h-07FFh -ABIGRAM=01h-07FFh -ARAM=060h-0FFh,0100h-01FFhx7 \
  -ABANK0=060h-0FFh -ABANK1=0100h-01FFh -ABANK2=0200h-02FFh \
  -ABANK3=0300h-03FFh -ABANK4=0400h-04FFh -ABANK5=0500h-05FFh \
  -ABANK6=0600h-06FFh -ABANK7=0700h-07FFh -ASFR=0F60h-0FFFh \
  -preset_vec=00h,intcode=08h,intcodelo=018h,powerup,init -pramtop=0800h \
  -psmallconst=SMALLCONST -pmediumconst=MEDIUMCONST -pconst=CONST \
  -AFARRAM=00h-00h -ACONFIG=0300000h-030000Dh -pconfig=CONFIG \
  -AIDLOC=0200000h-0200007h -pidloc=IDLOC -AEEDATA=0F00000h-0F000FFh \
  -peeprom_data=EEDATA \
  -prdata=COMRAM,nvrram=COMRAM,nvbit=COMRAM,rbss=COMRAM,rbit=COMRAM \
  -pfarbss=FARRAM,fardata=FARRAM,nvFARRAM=FARRAM \
  -pintsave_regs=BIGRAM,bigbss=BIGRAM,bigdata=BIGRAM -pbss=RAM \
  -pidata=CODE,irdata=CODE,ibigdata=CODE,ifardata=CODE -prparam=COMRAM \
  C:\Users\jpcas\AppData\Local\Temp\s5fo.obj \
  dist/default/production\PROJETO.X.production.obj 

Object code version is 3.11

Machine type is 18F4550

Call graph: (short form)




                Name                               Link     Load   Length Selector   Space Scale
C:\Users\jpcas\AppData\Local\Temp\s5fo.obj
                init                                 D2       D2        4        C       0
                reset_vec                             0        0        4        0       0
                idloc                            200000   200000        8   200000       0
                config                           300000   300000        E   300000       0
dist/default/production\PROJETO.X.production.obj
                intcodelo                            18       18       BA        C       0
                intcode                               8        8        6        4       0
                temp                                 37       37        1        1       1
                smallconst                          800      800       1E      400       0
                intcode_body                       116C     116C       CC      40F       0
                text18                             16F8     16F8        A      40F       0
                text17                             160C     160C       3A      40F       0
                text16                             16E8     16E8       10      40F       0
                text15                             16D6     16D6       12      40F       0
                text14                             1512     1512       40      40F       0
                text13                             15CE     15CE       3E      40F       0
                text12                             12E6     12E6       A8      40F       0
                text11                             141E     141E       84      40F       0
                text10                             14A2     14A2       70      40F       0
                text9                              1238     1238       AE      40F       0
                text8                              1646     1646       38      40F       0
                text7                               DD0      DD0      1AE      40F       0
                text6                              138E     138E       90      40F       0
                text5                              1076     1076       F6      40F       0
                text4                              16B2     16B2       24      40F       0
                text3                               F7E      F7E       F8      40F       0
                text2                              1590     1590       3E      40F       0
                text1                              167E     167E       34      40F       0
                text0                               81E      81E      5B2      40F       0
                cstackCOMRAM                          1        1       36        1       1
                cstackBANK0                          60       60       23       60       1
                dataBANK0                            A3       A3        9       60       1
                bssBANK0                             83       83       20       60       1
                cinit                              1552     1552       3E      40F       0
                idataBANK0                         1702     1702        9      40F       0

TOTAL           Name                               Link     Load   Length     Space
        CLASS   STACK          

        CLASS   CODE           
                intcodelo                            18       18       BA         0
                intcode                               8        8        6         0
                init                                 D2       D2        4         0
                reset_vec                             0        0        4         0
                intcode_body                       116C     116C       CC         0
                text18                             16F8     16F8        A         0
                text17                             160C     160C       3A         0
                text16                             16E8     16E8       10         0
                text15                             16D6     16D6       12         0
                text14                             1512     1512       40         0
                text13                             15CE     15CE       3E         0
                text12                             12E6     12E6       A8         0
                text11                             141E     141E       84         0
                text10                             14A2     14A2       70         0
                text9                              1238     1238       AE         0
                text8                              1646     1646       38         0
                text7                               DD0      DD0      1AE         0
                text6                              138E     138E       90         0
                text5                              1076     1076       F6         0
                text4                              16B2     16B2       24         0
                text3                               F7E      F7E       F8         0
                text2                              1590     1590       3E         0
                text1                              167E     167E       34         0
                text0                               81E      81E      5B2         0
                cinit                              1552     1552       3E         0
                idataBANK0                         1702     1702        9         0

        CLASS   CONST          

        CLASS   SMALLCONST     
                smallconst                          800      800       1E         0

        CLASS   MEDIUMCONST    

        CLASS   COMRAM         
                temp                                 37       37        1         1
                cstackCOMRAM                          1        1       36         1

        CLASS   ABS1           

        CLASS   BIGRAM         

        CLASS   RAM            

        CLASS   BANK0          
                cstackBANK0                          60       60       23         1
                dataBANK0                            A3       A3        9         1
                bssBANK0                             83       83       20         1

        CLASS   BANK1          

        CLASS   BANK2          

        CLASS   BANK3          

        CLASS   BANK4          

        CLASS   BANK5          

        CLASS   BANK6          

        CLASS   BANK7          

        CLASS   SFR            

        CLASS   FARRAM         

        CLASS   CONFIG         
                config                           300000   300000        E         0

        CLASS   IDLOC          
                idloc                            200000   200000        8         0

        CLASS   EEDATA         



SEGMENTS        Name                           Load    Length   Top    Selector   Space  Class

                reset_vec                      000000  000004  000004         0       0  CODE    
                cstackCOMRAM                   000001  000037  000038         1       1  COMRAM  
                intcode                        000008  000006  00000E         4       0  CODE    
                intcodelo                      000018  0000BE  0000D6         C       0  CODE    
                cstackBANK0                    000060  00004C  0000AC        60       1  BANK0   
                smallconst                     000800  00001E  00081E       400       0  SMALLCON
                text0                          00081E  000EED  00170B       40F       0  CODE    
                idloc                          200000  000008  200008    200000       0  IDLOC   
                config                         300000  00000E  30000E    300000       0  CONFIG  


UNUSED ADDRESS RANGES

        Name                Unused          Largest block    Delta
        BANK0            0000AC-0000FF               54
        BANK1            000100-0001FF              100
        BANK2            000200-0002FF              100
        BANK3            000300-0003FF              100
        BANK4            000400-0004FF              100
        BANK5            000500-0005FF              100
        BANK6            000600-0006FF              100
        BANK7            000700-0007FF              100
        BIGRAM           000038-00005F               28
                         0000AC-0007FF              754
        CODE             000004-000007                4
                         00000E-000017                A
                         0000D6-0007FF              72A
                         00170B-007FFF             68F5
        COMRAM           000038-00005F               28
        CONST            000004-000007                4
                         00000E-000017                A
                         0000D6-0007FF              72A
                         00170B-007FFF             68F5
        EEDATA           F00000-F000FF              100
        MEDIUMCONST      00170B-007FFF             68F5
        RAM              0000AC-0007FF              100
        SFR              000F60-000FFF               A0
        SMALLCONST       00170B-007FFF              100
        STACK            0000AC-0007FF              754

                                  Symbol Table

?___awdiv                 cstackCOMRAM 000028
?___awmod                 cstackCOMRAM 000028
?___awtoft                cstackCOMRAM 000030
?___ftadd                 cstackBANK0  00006C
?___ftmul                 cstackBANK0  000060
?___ftneg                 cstackCOMRAM 000030
?___ftpack                cstackCOMRAM 000028
?___fttol                 cstackBANK0  00006C
OpenXLCD@lcdtype          cstackCOMRAM 000029
SetDDRamAddr@DDaddr       cstackCOMRAM 000028
WriteCmdXLCD@cmd          cstackCOMRAM 000028
WriteDataXLCD@data        cstackCOMRAM 000028
_A                        dataBANK0    0000A9
_ADCON0bits               (abs)        000FC2
_ADCON1bits               (abs)        000FC1
_ADCON2bits               (abs)        000FC0
_ADRESH                   (abs)        000FC4
_ADRESL                   (abs)        000FC3
_B                        dataBANK0    0000A6
_BusyXLCD                 text17       00160C
_CCP1CONbits              (abs)        000FBD
_CCPR1L                   (abs)        000FBE
_DelayFor18TCY            text18       0016F8
_DelayPORXLCD             text16       0016E8
_DelayXLCD                text15       0016D6
_HighPriorityISR          intcode      000008
_INTCONbits               (abs)        000FF2
_IPR1bits                 (abs)        000F9F
_IPR2bits                 (abs)        000FA2
_LATEbits                 (abs)        000F8D
_LowPriorityISR           intcodelo    000018
_OpenXLCD                 text12       0012E6
_PIE1bits                 (abs)        000F9D
_PIE2bits                 (abs)        000FA0
_PIR1bits                 (abs)        000F9E
_PIR2bits                 (abs)        000FA1
_PORTCbits                (abs)        000F82
_PORTD                    (abs)        000F83
_PR2                      (abs)        000FCB
_RCONbits                 (abs)        000FD0
_SetDDRamAddr             text14       001512
_T2CONbits                (abs)        000FCA
_T3CONbits                (abs)        000FB1
_TMR3H                    (abs)        000FB3
_TMR3L                    (abs)        000FB2
_TRISA                    (abs)        000F92
_TRISC                    (abs)        000F94
_TRISD                    (abs)        000F95
_TRISE                    (abs)        000F96
_TRISEbits                (abs)        000F96
_WriteCmdXLCD             text13       0015CE
_WriteDataXLCD            text2        001590
__CFG_CPUDIV$OSC1_PLL2    (abs)        000000
__CFG_DEBUG$ON            (abs)        000000
__CFG_FOSC$HS             (abs)        000000
__CFG_LVP$OFF             (abs)        000000
__CFG_MCLRE$ON            (abs)        000000
__CFG_WDT$OFF             (abs)        000000
__HRAM                    (abs)        000000
__Habs1                   abs1         000000
__Hbank0                  bank0        000000
__Hbank1                  bank1        000000
__Hbank2                  bank2        000000
__Hbank3                  bank3        000000
__Hbank4                  bank4        000000
__Hbank5                  bank5        000000
__Hbank6                  bank6        000000
__Hbank7                  bank7        000000
__Hbigbss                 bigbss       000000
__Hbigdata                bigdata      000000
__Hbigram                 bigram       000000
__Hbss                    bss          000000
__HbssBANK0               bssBANK0     000000
__Hcinit                  cinit        000000
__Hclrtext                clrtext      000000
__Hcomram                 comram       000000
__Hconfig                 config       30000E
__Hconst                  const        000000
__HcstackBANK0            cstackBANK0  000000
__HcstackCOMRAM           cstackCOMRAM 000000
__Hdata                   data         000000
__HdataBANK0              dataBANK0    000000
__Heeprom_data            eeprom_data  000000
__Hfarbss                 farbss       000000
__Hfardata                fardata      000000
__Hibigdata               ibigdata     000000
__Hidata                  idata        000000
__HidataBANK0             idataBANK0   000000
__Hidloc                  idloc        200008
__Hifardata               ifardata     000000
__Hinit                   init         0000D6
__Hintcode                intcode      00000E
__Hintcode_body           intcode_body 000000
__Hintcodelo              intcodelo    0000D2
__Hintentry               intentry     000000
__Hintret                 intret       000000
__Hintsave_regs           intsave_regs 000000
__Hirdata                 irdata       000000
__Hmediumconst            mediumconst  000000
__HnvFARRAM               nvFARRAM     000000
__Hnvbit                  nvbit        000000
__Hnvrram                 nvrram       000000
__Hparam                  rparam       000000
__Hpowerup                powerup      0000D2
__Hram                    ram          000000
__Hramtop                 ramtop       000800
__Hrbit                   rbit         000000
__Hrbss                   rbss         000000
__Hrdata                  rdata        000000
__Hreset_vec              reset_vec    000004
__Hrparam                 rparam       000000
__Hsfr                    sfr          000000
__Hsmallconst             smallconst   00081E
__Hspace_0                (abs)        30000E
__Hspace_1                (abs)        0000AC
__Hspace_2                (abs)        000000
__Hstack                  stack        000000
__Hstruct                 struct       000000
__Htemp                   temp         000038
__Htext                   text         000000
__Htext0                  text0        000000
__Htext1                  text1        000000
__Htext10                 text10       000000
__Htext11                 text11       000000
__Htext12                 text12       000000
__Htext13                 text13       000000
__Htext14                 text14       000000
__Htext15                 text15       000000
__Htext16                 text16       000000
__Htext17                 text17       000000
__Htext18                 text18       000000
__Htext2                  text2        000000
__Htext3                  text3        000000
__Htext4                  text4        000000
__Htext5                  text5        000000
__Htext6                  text6        000000
__Htext7                  text7        000000
__Htext8                  text8        000000
__Htext9                  text9        000000
__LRAM                    (abs)        000001
__Labs1                   abs1         000000
__Lbank0                  bank0        000000
__Lbank1                  bank1        000000
__Lbank2                  bank2        000000
__Lbank3                  bank3        000000
__Lbank4                  bank4        000000
__Lbank5                  bank5        000000
__Lbank6                  bank6        000000
__Lbank7                  bank7        000000
__Lbigbss                 bigbss       000000
__Lbigdata                bigdata      000000
__Lbigram                 bigram       000000
__Lbss                    bss          000000
__LbssBANK0               bssBANK0     000000
__Lcinit                  cinit        000000
__Lclrtext                clrtext      000000
__Lcomram                 comram       000000
__Lconfig                 config       300000
__Lconst                  const        000000
__LcstackBANK0            cstackBANK0  000000
__LcstackCOMRAM           cstackCOMRAM 000000
__Ldata                   data         000000
__LdataBANK0              dataBANK0    000000
__Leeprom_data            eeprom_data  000000
__Lfarbss                 farbss       000000
__Lfardata                fardata      000000
__Libigdata               ibigdata     000000
__Lidata                  idata        000000
__LidataBANK0             idataBANK0   000000
__Lidloc                  idloc        200000
__Lifardata               ifardata     000000
__Linit                   init         0000D2
__Lintcode                intcode      000008
__Lintcode_body           intcode_body 000000
__Lintcodelo              intcodelo    000018
__Lintentry               intentry     000000
__Lintret                 intret       000000
__Lintsave_regs           intsave_regs 000000
__Lirdata                 irdata       000000
__Lmediumconst            mediumconst  000000
__LnvFARRAM               nvFARRAM     000000
__Lnvbit                  nvbit        000000
__Lnvrram                 nvrram       000000
__Lparam                  rparam       000000
__Lpowerup                powerup      0000D2
__Lram                    ram          000000
__Lramtop                 ramtop       000800
__Lrbit                   rbit         000000
__Lrbss                   rbss         000000
__Lrdata                  rdata        000000
__Lreset_vec              reset_vec    000000
__Lrparam                 rparam       000000
__Lsfr                    sfr          000000
__Lsmallconst             smallconst   000800
__Lspace_0                (abs)        000000
__Lspace_1                (abs)        000000
__Lspace_2                (abs)        000000
__Lstack                  stack        000000
__Lstruct                 struct       000000
__Ltemp                   temp         000037
__Ltext                   text         000000
__Ltext0                  text0        000000
__Ltext1                  text1        000000
__Ltext10                 text10       000000
__Ltext11                 text11       000000
__Ltext12                 text12       000000
__Ltext13                 text13       000000
__Ltext14                 text14       000000
__Ltext15                 text15       000000
__Ltext16                 text16       000000
__Ltext17                 text17       000000
__Ltext18                 text18       000000
__Ltext2                  text2        000000
__Ltext3                  text3        000000
__Ltext4                  text4        000000
__Ltext5                  text5        000000
__Ltext6                  text6        000000
__Ltext7                  text7        000000
__Ltext8                  text8        000000
__Ltext9                  text9        000000
__S0                      (abs)        30000E
__S1                      (abs)        0000AC
__S2                      (abs)        000000
___awdiv                  text11       00141E
___awdiv@counter          cstackCOMRAM 00002C
___awdiv@dividend         cstackCOMRAM 000028
___awdiv@divisor          cstackCOMRAM 00002A
___awdiv@quotient         cstackCOMRAM 00002E
___awdiv@sign             cstackCOMRAM 00002D
___awmod                  text10       0014A2
___awmod@counter          cstackCOMRAM 00002C
___awmod@dividend         cstackCOMRAM 000028
___awmod@divisor          cstackCOMRAM 00002A
___awmod@sign             cstackCOMRAM 00002D
___awtoft                 text8        001646
___awtoft@c               cstackCOMRAM 000030
___awtoft@sign            cstackCOMRAM 000033
___ftadd                  text7        000DD0
___ftadd@exp1             cstackBANK0  000077
___ftadd@exp2             cstackBANK0  000076
___ftadd@f1               cstackBANK0  00006C
___ftadd@f2               cstackBANK0  00006F
___ftadd@sign             cstackBANK0  000075
___ftge                   text6        00138E
___ftge@ff1               cstackCOMRAM 000028
___ftge@ff2               cstackCOMRAM 00002B
___ftmul                  text5        001076
___ftmul@cntr             cstackBANK0  00006A
___ftmul@exp              cstackBANK0  000066
___ftmul@f1               cstackBANK0  000060
___ftmul@f2               cstackBANK0  000063
___ftmul@f3_as_product    cstackBANK0  000067
___ftmul@sign             cstackBANK0  00006B
___ftneg                  text4        0016B2
___ftneg@f1               cstackCOMRAM 000030
___ftpack                 text9        001238
___ftpack@arg             cstackCOMRAM 000028
___ftpack@exp             cstackCOMRAM 00002B
___ftpack@sign            cstackCOMRAM 00002C
___fttol                  text3        000F7E
___fttol@exp1             cstackBANK0  00007A
___fttol@f1               cstackBANK0  00006C
___fttol@lval             cstackBANK0  000076
___fttol@sign1            cstackBANK0  000075
___inthi_sp               stack        000000
___intlo_sp               stack        000000
___param_bank             (abs)        000000
___rparam_used            (abs)        000001
___sp                     stack        000000
__accesstop               (abs)        000060
__activetblptr            (abs)        000001
__end_of_BusyXLCD         text17       001646
__end_of_DelayFor18TCY    text18       001702
__end_of_DelayPORXLCD     text16       0016F8
__end_of_DelayXLCD        text15       0016E8
__end_of_HighPriorityISR  intcode_body 001238
__end_of_LowPriorityISR   intcodelo    0000D2
__end_of_OpenXLCD         text12       00138E
__end_of_SetDDRamAddr     text14       001552
__end_of_WriteCmdXLCD     text13       00160C
__end_of_WriteDataXLCD    text2        0015CE
__end_of___awdiv          text11       0014A2
__end_of___awmod          text10       001512
__end_of___awtoft         text8        00167E
__end_of___ftadd          text7        000F7E
__end_of___ftge           text6        00141E
__end_of___ftmul          text5        00116C
__end_of___ftneg          text4        0016D6
__end_of___ftpack         text9        0012E6
__end_of___fttol          text3        001076
__end_of__initialization  cinit        00157E
__end_of_main             text0        000DD0
__end_of_putrsXLCD        text1        0016B2
__initialization          cinit        001552
__mediumconst             mediumconst  000000
__pbssBANK0               bssBANK0     000083
__pcinit                  cinit        001552
__pcstackBANK0            cstackBANK0  000060
__pcstackCOMRAM           cstackCOMRAM 000001
__pdataBANK0              dataBANK0    0000A3
__pidataBANK0             idataBANK0   001702
__pintcode                intcode      000008
__pintcode_body           intcode_body 00116C
__pintcodelo              intcodelo    000018
__psmallconst             smallconst   000800
__ptext0                  text0        00081E
__ptext1                  text1        00167E
__ptext10                 text10       0014A2
__ptext11                 text11       00141E
__ptext12                 text12       0012E6
__ptext13                 text13       0015CE
__ptext14                 text14       001512
__ptext15                 text15       0016D6
__ptext16                 text16       0016E8
__ptext17                 text17       00160C
__ptext18                 text18       0016F8
__ptext2                  text2        001590
__ptext3                  text3        000F7E
__ptext4                  text4        0016B2
__ptext5                  text5        001076
__ptext6                  text6        00138E
__ptext7                  text7        000DD0
__ptext8                  text8        001646
__ptext9                  text9        001238
__ramtop                  ramtop       000800
__size_of_BusyXLCD        (abs)        000000
__size_of_DelayFor18TCY   (abs)        000000
__size_of_DelayPORXLCD    (abs)        000000
__size_of_DelayXLCD       (abs)        000000
__size_of_HighPriorityISR (abs)        000000
__size_of_LowPriorityISR  (abs)        000000
__size_of_OpenXLCD        (abs)        000000
__size_of_SetDDRamAddr    (abs)        000000
__size_of_WriteCmdXLCD    (abs)        000000
__size_of_WriteDataXLCD   (abs)        000000
__size_of___awdiv         (abs)        000000
__size_of___awmod         (abs)        000000
__size_of___awtoft        (abs)        000000
__size_of___ftadd         (abs)        000000
__size_of___ftge          (abs)        000000
__size_of___ftmul         (abs)        000000
__size_of___ftneg         (abs)        000000
__size_of___ftpack        (abs)        000000
__size_of___fttol         (abs)        000000
__size_of_main            (abs)        000000
__size_of_putrsXLCD       (abs)        000000
__smallconst              smallconst   000800
_contRa3                  bssBANK0     00009D
_convertDc                bssBANK0     000083
_convertPot               bssBANK0     000095
_convertRes               bssBANK0     000098
_convertResTemp           bssBANK0     000086
_dc                       bssBANK0     0000A1
_display                  bssBANK0     00009B
_erro                     bssBANK0     000092
_erro_ant                 bssBANK0     00008F
_flagAdFim                bssBANK0     00009F
_main                     text0        00081E
_main$1496                cstackBANK0  00007D
_main$1497                cstackBANK0  000080
_putrsXLCD                text1        00167E
_sai_cont                 bssBANK0     00008C
_sai_cont_ant             bssBANK0     000089
_tBase                    dataBANK0    0000A3
btemp                     temp         000037
end_of_initialization     cinit        00157E
int$flags                 temp         000037
int_func                  intcode_body 00116C
intlevel0                 text         000000
intlevel1                 text         000000
intlevel2                 text         000000
intlevel3                 text         000000
putrsXLCD@buffer          cstackCOMRAM 000029
stackhi                   (abs)        0007FF
stacklo                   (abs)        0000AC
start                     init         0000D2
start_initialization      cinit        001552
wtemp6                    temp         000038


FUNCTION INFORMATION:

 *************** function _main *****************
 Defined at:
		line 54 in file "newmain.c"
 Parameters:    Size  Location     Type
		None
 Auto vars:     Size  Location     Type
		None
 Return value:  Size  Location     Type
                  1    wreg      void 
 Registers used:
		wreg, status,2, status,0, tblptrl, tblptrh, tblptru, cstack
 Tracked objects:
		On entry : 
		On exit  : 
		Unchanged: 
 Data sizes:     COMRAM   BANK0   BANK1   BANK2   BANK3   BANK4   BANK5   BANK6   BANK7
      Params:         0       0       0       0       0       0       0       0       0
      Locals:         0       6       0       0       0       0       0       0       0
      Temps:          0       2       0       0       0       0       0       0       0
      Totals:         0       8       0       0       0       0       0       0       0
Total ram usage:        8 bytes
 Hardware stack levels required when called:    5
 This function calls:
		_OpenXLCD
		_WriteCmdXLCD
		_WriteDataXLCD
		___awdiv
		___awmod
		___awtoft
		___ftadd
		___ftge
		___ftmul
		___ftneg
		___fttol
		_putrsXLCD
 This function is called by:
		Startup code after reset
 This function uses a non-reentrant model


 *************** function _putrsXLCD *****************
 Defined at:
		line 533 in file "nxlcd.c"
 Parameters:    Size  Location     Type
  buffer          2   40[COMRAM] PTR const unsigned char 
		 -> STR_7(2), STR_6(2), STR_5(2), STR_4(8), 
		 -> STR_3(6), STR_2(2), STR_1(7), 
 Auto vars:     Size  Location     Type
		None
 Return value:  Size  Location     Type
                  1    wreg      void 
 Registers used:
		wreg, status,2, status,0, tblptrl, tblptrh, tblptru, cstack
 Tracked objects:
		On entry : 
		On exit  : 
		Unchanged: 
 Data sizes:     COMRAM   BANK0   BANK1   BANK2   BANK3   BANK4   BANK5   BANK6   BANK7
      Params:         2       0       0       0       0       0       0       0       0
      Locals:         0       0       0       0       0       0       0       0       0
      Temps:          0       0       0       0       0       0       0       0       0
      Totals:         2       0       0       0       0       0       0       0       0
Total ram usage:        2 bytes
 Hardware stack levels used:    1
 Hardware stack levels required when called:    4
 This function calls:
		_BusyXLCD
		_WriteDataXLCD
 This function is called by:
		_main
 This function uses a non-reentrant model


 *************** function _WriteDataXLCD *****************
 Defined at:
		line 449 in file "nxlcd.c"
 Parameters:    Size  Location     Type
  data            1    wreg     unsigned char 
 Auto vars:     Size  Location     Type
  data            1   39[COMRAM] unsigned char 
 Return value:  Size  Location     Type
                  1    wreg      void 
 Registers used:
		wreg, status,2, status,0, cstack
 Tracked objects:
		On entry : 
		On exit  : 
		Unchanged: 
 Data sizes:     COMRAM   BANK0   BANK1   BANK2   BANK3   BANK4   BANK5   BANK6   BANK7
      Params:         0       0       0       0       0       0       0       0       0
      Locals:         1       0       0       0       0       0       0       0       0
      Temps:          0       0       0       0       0       0       0       0       0
      Totals:         1       0       0       0       0       0       0       0       0
Total ram usage:        1 bytes
 Hardware stack levels used:    1
 Hardware stack levels required when called:    3
 This function calls:
		_DelayFor18TCY
 This function is called by:
		_putrsXLCD
		_main
		_putsXLCD
 This function uses a non-reentrant model


 *************** function ___fttol *****************
 Defined at:
		line 44 in file "C:\Program Files (x86)\Microchip\xc8\v1.45\sources\common\fttol.c"
 Parameters:    Size  Location     Type
  f1              3   12[BANK0 ] float 
 Auto vars:     Size  Location     Type
  lval            4   22[BANK0 ] unsigned long 
  exp1            1   26[BANK0 ] unsigned char 
  sign1           1   21[BANK0 ] unsigned char 
 Return value:  Size  Location     Type
                  4   12[BANK0 ] long 
 Registers used:
		wreg, status,2, status,0
 Tracked objects:
		On entry : 
		On exit  : 
		Unchanged: 
 Data sizes:     COMRAM   BANK0   BANK1   BANK2   BANK3   BANK4   BANK5   BANK6   BANK7
      Params:         0       4       0       0       0       0       0       0       0
      Locals:         0       6       0       0       0       0       0       0       0
      Temps:          0       5       0       0       0       0       0       0       0
      Totals:         0      15       0       0       0       0       0       0       0
Total ram usage:       15 bytes
 Hardware stack levels used:    1
 Hardware stack levels required when called:    2
 This function calls:
		Nothing
 This function is called by:
		_main
 This function uses a non-reentrant model


 *************** function ___ftneg *****************
 Defined at:
		line 15 in file "C:\Program Files (x86)\Microchip\xc8\v1.45\sources\common\ftneg.c"
 Parameters:    Size  Location     Type
  f1              3   47[COMRAM] float 
 Auto vars:     Size  Location     Type
		None
 Return value:  Size  Location     Type
                  3   47[COMRAM] float 
 Registers used:
		wreg, status,2, status,0
 Tracked objects:
		On entry : 
		On exit  : 
		Unchanged: 
 Data sizes:     COMRAM   BANK0   BANK1   BANK2   BANK3   BANK4   BANK5   BANK6   BANK7
      Params:         3       0       0       0       0       0       0       0       0
      Locals:         0       0       0       0       0       0       0       0       0
      Temps:          0       0       0       0       0       0       0       0       0
      Totals:         3       0       0       0       0       0       0       0       0
Total ram usage:        3 bytes
 Hardware stack levels used:    1
 Hardware stack levels required when called:    2
 This function calls:
		Nothing
 This function is called by:
		_main
 This function uses a non-reentrant model


 *************** function ___ftmul *****************
 Defined at:
		line 62 in file "C:\Program Files (x86)\Microchip\xc8\v1.45\sources\common\ftmul.c"
 Parameters:    Size  Location     Type
  f1              3    0[BANK0 ] float 
  f2              3    3[BANK0 ] float 
 Auto vars:     Size  Location     Type
  f3_as_produc    3    7[BANK0 ] unsigned um
  sign            1   11[BANK0 ] unsigned char 
  cntr            1   10[BANK0 ] unsigned char 
  exp             1    6[BANK0 ] unsigned char 
 Return value:  Size  Location     Type
                  3    0[BANK0 ] float 
 Registers used:
		wreg, status,2, status,0, cstack
 Tracked objects:
		On entry : 
		On exit  : 
		Unchanged: 
 Data sizes:     COMRAM   BANK0   BANK1   BANK2   BANK3   BANK4   BANK5   BANK6   BANK7
      Params:         0       6       0       0       0       0       0       0       0
      Locals:         0       6       0       0       0       0       0       0       0
      Temps:          3       0       0       0       0       0       0       0       0
      Totals:         3      12       0       0       0       0       0       0       0
Total ram usage:       15 bytes
 Hardware stack levels used:    1
 Hardware stack levels required when called:    3
 This function calls:
		___ftpack
 This function is called by:
		_main
 This function uses a non-reentrant model


 *************** function ___ftge *****************
 Defined at:
		line 4 in file "C:\Program Files (x86)\Microchip\xc8\v1.45\sources\common\ftge.c"
 Parameters:    Size  Location     Type
  ff1             3   39[COMRAM] float 
  ff2             3   42[COMRAM] float 
 Auto vars:     Size  Location     Type
		None
 Return value:  Size  Location     Type
		None               void
 Registers used:
		wreg, status,2, status,0
 Tracked objects:
		On entry : 
		On exit  : 
		Unchanged: 
 Data sizes:     COMRAM   BANK0   BANK1   BANK2   BANK3   BANK4   BANK5   BANK6   BANK7
      Params:         6       0       0       0       0       0       0       0       0
      Locals:         0       0       0       0       0       0       0       0       0
      Temps:          3       0       0       0       0       0       0       0       0
      Totals:         9       0       0       0       0       0       0       0       0
Total ram usage:        9 bytes
 Hardware stack levels used:    1
 Hardware stack levels required when called:    2
 This function calls:
		Nothing
 This function is called by:
		_main
 This function uses a non-reentrant model


 *************** function ___ftadd *****************
 Defined at:
		line 86 in file "C:\Program Files (x86)\Microchip\xc8\v1.45\sources\common\ftadd.c"
 Parameters:    Size  Location     Type
  f1              3   12[BANK0 ] float 
  f2              3   15[BANK0 ] float 
 Auto vars:     Size  Location     Type
  exp1            1   23[BANK0 ] unsigned char 
  exp2            1   22[BANK0 ] unsigned char 
  sign            1   21[BANK0 ] unsigned char 
 Return value:  Size  Location     Type
                  3   12[BANK0 ] float 
 Registers used:
		wreg, status,2, status,0, cstack
 Tracked objects:
		On entry : 
		On exit  : 
		Unchanged: 
 Data sizes:     COMRAM   BANK0   BANK1   BANK2   BANK3   BANK4   BANK5   BANK6   BANK7
      Params:         0       6       0       0       0       0       0       0       0
      Locals:         0       3       0       0       0       0       0       0       0
      Temps:          0       3       0       0       0       0       0       0       0
      Totals:         0      12       0       0       0       0       0       0       0
Total ram usage:       12 bytes
 Hardware stack levels used:    1
 Hardware stack levels required when called:    3
 This function calls:
		___ftpack
 This function is called by:
		_main
 This function uses a non-reentrant model


 *************** function ___awtoft *****************
 Defined at:
		line 32 in file "C:\Program Files (x86)\Microchip\xc8\v1.45\sources\common\awtoft.c"
 Parameters:    Size  Location     Type
  c               2   47[COMRAM] int 
 Auto vars:     Size  Location     Type
  sign            1   50[COMRAM] unsigned char 
 Return value:  Size  Location     Type
                  3   47[COMRAM] float 
 Registers used:
		wreg, status,2, status,0, cstack
 Tracked objects:
		On entry : 
		On exit  : 
		Unchanged: 
 Data sizes:     COMRAM   BANK0   BANK1   BANK2   BANK3   BANK4   BANK5   BANK6   BANK7
      Params:         3       0       0       0       0       0       0       0       0
      Locals:         1       0       0       0       0       0       0       0       0
      Temps:          0       0       0       0       0       0       0       0       0
      Totals:         4       0       0       0       0       0       0       0       0
Total ram usage:        4 bytes
 Hardware stack levels used:    1
 Hardware stack levels required when called:    3
 This function calls:
		___ftpack
 This function is called by:
		_main
 This function uses a non-reentrant model


 *************** function ___ftpack *****************
 Defined at:
		line 62 in file "C:\Program Files (x86)\Microchip\xc8\v1.45\sources\common\float.c"
 Parameters:    Size  Location     Type
  arg             3   39[COMRAM] unsigned um
  exp             1   42[COMRAM] unsigned char 
  sign            1   43[COMRAM] unsigned char 
 Auto vars:     Size  Location     Type
		None
 Return value:  Size  Location     Type
                  3   39[COMRAM] float 
 Registers used:
		wreg, status,2, status,0
 Tracked objects:
		On entry : 
		On exit  : 
		Unchanged: 
 Data sizes:     COMRAM   BANK0   BANK1   BANK2   BANK3   BANK4   BANK5   BANK6   BANK7
      Params:         5       0       0       0       0       0       0       0       0
      Locals:         0       0       0       0       0       0       0       0       0
      Temps:          3       0       0       0       0       0       0       0       0
      Totals:         8       0       0       0       0       0       0       0       0
Total ram usage:        8 bytes
 Hardware stack levels used:    1
 Hardware stack levels required when called:    2
 This function calls:
		Nothing
 This function is called by:
		___awtoft
		___ftadd
		___ftmul
 This function uses a non-reentrant model


 *************** function ___awmod *****************
 Defined at:
		line 8 in file "C:\Program Files (x86)\Microchip\xc8\v1.45\sources\common\awmod.c"
 Parameters:    Size  Location     Type
  dividend        2   39[COMRAM] int 
  divisor         2   41[COMRAM] int 
 Auto vars:     Size  Location     Type
  sign            1   44[COMRAM] unsigned char 
  counter         1   43[COMRAM] unsigned char 
 Return value:  Size  Location     Type
                  2   39[COMRAM] int 
 Registers used:
		wreg, status,2, status,0
 Tracked objects:
		On entry : 
		On exit  : 
		Unchanged: 
 Data sizes:     COMRAM   BANK0   BANK1   BANK2   BANK3   BANK4   BANK5   BANK6   BANK7
      Params:         4       0       0       0       0       0       0       0       0
      Locals:         2       0       0       0       0       0       0       0       0
      Temps:          0       0       0       0       0       0       0       0       0
      Totals:         6       0       0       0       0       0       0       0       0
Total ram usage:        6 bytes
 Hardware stack levels used:    1
 Hardware stack levels required when called:    2
 This function calls:
		Nothing
 This function is called by:
		_main
 This function uses a non-reentrant model


 *************** function ___awdiv *****************
 Defined at:
		line 8 in file "C:\Program Files (x86)\Microchip\xc8\v1.45\sources\common\awdiv.c"
 Parameters:    Size  Location     Type
  dividend        2   39[COMRAM] int 
  divisor         2   41[COMRAM] int 
 Auto vars:     Size  Location     Type
  quotient        2   45[COMRAM] int 
  sign            1   44[COMRAM] unsigned char 
  counter         1   43[COMRAM] unsigned char 
 Return value:  Size  Location     Type
                  2   39[COMRAM] int 
 Registers used:
		wreg, status,2, status,0
 Tracked objects:
		On entry : 
		On exit  : 
		Unchanged: 
 Data sizes:     COMRAM   BANK0   BANK1   BANK2   BANK3   BANK4   BANK5   BANK6   BANK7
      Params:         4       0       0       0       0       0       0       0       0
      Locals:         4       0       0       0       0       0       0       0       0
      Temps:          0       0       0       0       0       0       0       0       0
      Totals:         8       0       0       0       0       0       0       0       0
Total ram usage:        8 bytes
 Hardware stack levels used:    1
 Hardware stack levels required when called:    2
 This function calls:
		Nothing
 This function is called by:
		_main
 This function uses a non-reentrant model


 *************** function _OpenXLCD *****************
 Defined at:
		line 41 in file "nxlcd.c"
 Parameters:    Size  Location     Type
  lcdtype         1    wreg     unsigned char 
 Auto vars:     Size  Location     Type
  lcdtype         1   40[COMRAM] unsigned char 
 Return value:  Size  Location     Type
                  1    wreg      void 
 Registers used:
		wreg, status,2, status,0, cstack
 Tracked objects:
		On entry : 
		On exit  : 
		Unchanged: 
 Data sizes:     COMRAM   BANK0   BANK1   BANK2   BANK3   BANK4   BANK5   BANK6   BANK7
      Params:         0       0       0       0       0       0       0       0       0
      Locals:         1       0       0       0       0       0       0       0       0
      Temps:          0       0       0       0       0       0       0       0       0
      Totals:         1       0       0       0       0       0       0       0       0
Total ram usage:        1 bytes
 Hardware stack levels used:    1
 Hardware stack levels required when called:    4
 This function calls:
		_BusyXLCD
		_DelayPORXLCD
		_DelayXLCD
		_SetDDRamAddr
		_WriteCmdXLCD
 This function is called by:
		_main
 This function uses a non-reentrant model


 *************** function _WriteCmdXLCD *****************
 Defined at:
		line 388 in file "nxlcd.c"
 Parameters:    Size  Location     Type
  cmd             1    wreg     unsigned char 
 Auto vars:     Size  Location     Type
  cmd             1   39[COMRAM] unsigned char 
 Return value:  Size  Location     Type
                  1    wreg      void 
 Registers used:
		wreg, status,2, status,0, cstack
 Tracked objects:
		On entry : 
		On exit  : 
		Unchanged: 
 Data sizes:     COMRAM   BANK0   BANK1   BANK2   BANK3   BANK4   BANK5   BANK6   BANK7
      Params:         0       0       0       0       0       0       0       0       0
      Locals:         1       0       0       0       0       0       0       0       0
      Temps:          0       0       0       0       0       0       0       0       0
      Totals:         1       0       0       0       0       0       0       0       0
Total ram usage:        1 bytes
 Hardware stack levels used:    1
 Hardware stack levels required when called:    3
 This function calls:
		_DelayFor18TCY
 This function is called by:
		_OpenXLCD
		_main
 This function uses a non-reentrant model


 *************** function _SetDDRamAddr *****************
 Defined at:
		line 171 in file "nxlcd.c"
 Parameters:    Size  Location     Type
  DDaddr          1    wreg     unsigned char 
 Auto vars:     Size  Location     Type
  DDaddr          1   39[COMRAM] unsigned char 
 Return value:  Size  Location     Type
                  1    wreg      void 
 Registers used:
		wreg, status,2, status,0, cstack
 Tracked objects:
		On entry : 
		On exit  : 
		Unchanged: 
 Data sizes:     COMRAM   BANK0   BANK1   BANK2   BANK3   BANK4   BANK5   BANK6   BANK7
      Params:         0       0       0       0       0       0       0       0       0
      Locals:         1       0       0       0       0       0       0       0       0
      Temps:          0       0       0       0       0       0       0       0       0
      Totals:         1       0       0       0       0       0       0       0       0
Total ram usage:        1 bytes
 Hardware stack levels used:    1
 Hardware stack levels required when called:    3
 This function calls:
		_DelayFor18TCY
 This function is called by:
		_OpenXLCD
 This function uses a non-reentrant model


 *************** function _DelayXLCD *****************
 Defined at:
		line 22 in file "nxlcd.c"
 Parameters:    Size  Location     Type
		None
 Auto vars:     Size  Location     Type
		None
 Return value:  Size  Location     Type
                  1    wreg      void 
 Registers used:
		wreg
 Tracked objects:
		On entry : 
		On exit  : 
		Unchanged: 
 Data sizes:     COMRAM   BANK0   BANK1   BANK2   BANK3   BANK4   BANK5   BANK6   BANK7
      Params:         0       0       0       0       0       0       0       0       0
      Locals:         0       0       0       0       0       0       0       0       0
      Temps:          1       0       0       0       0       0       0       0       0
      Totals:         1       0       0       0       0       0       0       0       0
Total ram usage:        1 bytes
 Hardware stack levels used:    1
 Hardware stack levels required when called:    2
 This function calls:
		Nothing
 This function is called by:
		_OpenXLCD
 This function uses a non-reentrant model


 *************** function _DelayPORXLCD *****************
 Defined at:
		line 17 in file "nxlcd.c"
 Parameters:    Size  Location     Type
		None
 Auto vars:     Size  Location     Type
		None
 Return value:  Size  Location     Type
                  1    wreg      void 
 Registers used:
		wreg
 Tracked objects:
		On entry : 
		On exit  : 
		Unchanged: 
 Data sizes:     COMRAM   BANK0   BANK1   BANK2   BANK3   BANK4   BANK5   BANK6   BANK7
      Params:         0       0       0       0       0       0       0       0       0
      Locals:         0       0       0       0       0       0       0       0       0
      Temps:          1       0       0       0       0       0       0       0       0
      Totals:         1       0       0       0       0       0       0       0       0
Total ram usage:        1 bytes
 Hardware stack levels used:    1
 Hardware stack levels required when called:    2
 This function calls:
		Nothing
 This function is called by:
		_OpenXLCD
 This function uses a non-reentrant model


 *************** function _BusyXLCD *****************
 Defined at:
		line 227 in file "nxlcd.c"
 Parameters:    Size  Location     Type
		None
 Auto vars:     Size  Location     Type
		None
 Return value:  Size  Location     Type
                  1    wreg      unsigned char 
 Registers used:
		wreg, cstack
 Tracked objects:
		On entry : 
		On exit  : 
		Unchanged: 
 Data sizes:     COMRAM   BANK0   BANK1   BANK2   BANK3   BANK4   BANK5   BANK6   BANK7
      Params:         0       0       0       0       0       0       0       0       0
      Locals:         0       0       0       0       0       0       0       0       0
      Temps:          0       0       0       0       0       0       0       0       0
      Totals:         0       0       0       0       0       0       0       0       0
Total ram usage:        0 bytes
 Hardware stack levels used:    1
 Hardware stack levels required when called:    3
 This function calls:
		_DelayFor18TCY
 This function is called by:
		_OpenXLCD
		_putrsXLCD
		_putsXLCD
 This function uses a non-reentrant model


 *************** function _DelayFor18TCY *****************
 Defined at:
		line 12 in file "nxlcd.c"
 Parameters:    Size  Location     Type
		None
 Auto vars:     Size  Location     Type
		None
 Return value:  Size  Location     Type
                  1    wreg      void 
 Registers used:
		wreg
 Tracked objects:
		On entry : 
		On exit  : 
		Unchanged: 
 Data sizes:     COMRAM   BANK0   BANK1   BANK2   BANK3   BANK4   BANK5   BANK6   BANK7
      Params:         0       0       0       0       0       0       0       0       0
      Locals:         0       0       0       0       0       0       0       0       0
      Temps:          0       0       0       0       0       0       0       0       0
      Totals:         0       0       0       0       0       0       0       0       0
Total ram usage:        0 bytes
 Hardware stack levels used:    1
 Hardware stack levels required when called:    2
 This function calls:
		Nothing
 This function is called by:
		_SetDDRamAddr
		_BusyXLCD
		_WriteCmdXLCD
		_WriteDataXLCD
		_SetCGRamAddr
		_ReadAddrXLCD
		_ReadDataXLCD
 This function uses a non-reentrant model


 *************** function _LowPriorityISR *****************
 Defined at:
		line 49 in file "newmain.c"
 Parameters:    Size  Location     Type
		None
 Auto vars:     Size  Location     Type
		None
 Return value:  Size  Location     Type
                  1    wreg      void 
 Registers used:
		wreg, status,2
 Tracked objects:
		On entry : 
		On exit  : 
		Unchanged: 
 Data sizes:     COMRAM   BANK0   BANK1   BANK2   BANK3   BANK4   BANK5   BANK6   BANK7
      Params:         0       0       0       0       0       0       0       0       0
      Locals:         0       0       0       0       0       0       0       0       0
      Temps:         21       0       0       0       0       0       0       0       0
      Totals:        21       0       0       0       0       0       0       0       0
Total ram usage:       21 bytes
 Hardware stack levels used:    1
 Hardware stack levels required when called:    1
 This function calls:
		Nothing
 This function is called by:
		Interrupt level 1
 This function uses a non-reentrant model


 *************** function _HighPriorityISR *****************
 Defined at:
		line 27 in file "newmain.c"
 Parameters:    Size  Location     Type
		None
 Auto vars:     Size  Location     Type
		None
 Return value:  Size  Location     Type
                  1    wreg      void 
 Registers used:
		wreg, status,2, status,0
 Tracked objects:
		On entry : 
		On exit  : 
		Unchanged: 
 Data sizes:     COMRAM   BANK0   BANK1   BANK2   BANK3   BANK4   BANK5   BANK6   BANK7
      Params:         0       0       0       0       0       0       0       0       0
      Locals:         0       0       0       0       0       0       0       0       0
      Temps:         18       0       0       0       0       0       0       0       0
      Totals:        18       0       0       0       0       0       0       0       0
Total ram usage:       18 bytes
 Hardware stack levels used:    1
 This function calls:
		Nothing
 This function is called by:
		Interrupt level 2
 This function uses a non-reentrant model



MODULE INFORMATION

Module		Function		Class		Link	Load	Size
C:\Program Files (x86)\Microchip\xc8\v1.45\sources\common\ftneg.c
		___ftneg       		CODE           	16B2	0000	37

C:\Program Files (x86)\Microchip\xc8\v1.45\sources\common\ftneg.c estimated size: 37

C:\Program Files (x86)\Microchip\xc8\v1.45\sources\common\float.c
		___ftpack      		CODE           	1238	0000	175

C:\Program Files (x86)\Microchip\xc8\v1.45\sources\common\float.c estimated size: 175

C:\Program Files (x86)\Microchip\xc8\v1.45\sources\common\ftge.c
		___ftge        		CODE           	138E	0000	145

C:\Program Files (x86)\Microchip\xc8\v1.45\sources\common\ftge.c estimated size: 145

C:\Program Files (x86)\Microchip\xc8\v1.45\sources\common\ftmul.c
		___ftmul       		CODE           	1076	0000	247

C:\Program Files (x86)\Microchip\xc8\v1.45\sources\common\ftmul.c estimated size: 247

newmain.c
		_HighPriorityISR		CODE           	0008	0000	211
		_main          		CODE           	081E	0000	1459
		_LowPriorityISR		CODE           	0018	0000	187

newmain.c estimated size: 1857

C:\Program Files (x86)\Microchip\xc8\v1.45\sources\common\awmod.c
		___awmod       		CODE           	14A2	0000	113

C:\Program Files (x86)\Microchip\xc8\v1.45\sources\common\awmod.c estimated size: 113

nxlcd.c
		_BusyXLCD      		CODE           	160C	0000	59
		_DelayFor18TCY 		CODE           	16F8	0000	11
		_DelayXLCD     		CODE           	16D6	0000	19
		_WriteCmdXLCD  		CODE           	15CE	0000	63
		_OpenXLCD      		CODE           	12E6	0000	169
		_WriteDataXLCD 		CODE           	1590	0000	63
		_SetDDRamAddr  		CODE           	1512	0000	65
		_DelayPORXLCD  		CODE           	16E8	0000	17
		_putrsXLCD     		CODE           	167E	0000	53

nxlcd.c estimated size: 519

shared
		__initialization		CODE           	1552	0000	45

shared estimated size: 45

C:\Program Files (x86)\Microchip\xc8\v1.45\sources\common\fttol.c
		___fttol       		CODE           	0F7E	0000	249

C:\Program Files (x86)\Microchip\xc8\v1.45\sources\common\fttol.c estimated size: 249

C:\Program Files (x86)\Microchip\xc8\v1.45\sources\common\awtoft.c
		___awtoft      		CODE           	1646	0000	57

C:\Program Files (x86)\Microchip\xc8\v1.45\sources\common\awtoft.c estimated size: 57

C:\Program Files (x86)\Microchip\xc8\v1.45\sources\common\awdiv.c
		___awdiv       		CODE           	141E	0000	133

C:\Program Files (x86)\Microchip\xc8\v1.45\sources\common\awdiv.c estimated size: 133

C:\Program Files (x86)\Microchip\xc8\v1.45\sources\common\ftadd.c
		___ftadd       		CODE           	0DD0	0000	431

C:\Program Files (x86)\Microchip\xc8\v1.45\sources\common\ftadd.c estimated size: 431

